bib_record_no                 907 a
oclc_no                       001
isbn                          020
author                        100 a
title                         245 a
location                      960 a
copies                        960 b
cdate                         960 c
code1                         960 d
code2                         960 e
code3                         960 f
code4                         960 g
acqtype                       960 h
claim                         960 i
eprice                        960 j
form                          960 k
fund                          960 l
odate                         960 m
ord_note                      960 n
ord_type                      960 o
raction                       960 p
rdate                         960 q
rloc                          960 r
bloc                          960 s
status                        960 t
tloc                          960 u
vendor                        960 v
language                      960 w
country                       960 x
volumes                       960 y
order_record_no               960 z
identity                      961 a
for_cur                       961 c
note                          961 d
int_note                      961 e
selector                      961 f
ven_note                      961 g
ven_addr                      961 h
old_order_no                  961 i
requestor                     961 j
ven_title_no                  961 k
locations                     961 l
funds                         961 m
po_info                       961 n
blanket_po                    961 o
